
Server arguments:
  --memory-size 1073741824
  --shared-postfix d9eaa1deac5bd67fb4659a998b443ad3
  --working-directory Library/DataStore
  --silent-console
  --shutdown-grace 0
  --client-process-check 0
  --uds-log-file C:/Users/bienh/Documents/USC/CTIN489/489TeamProject/CTIN489-TeamProject-Becca-Bien/Logs/UDS-Service.log
  --debug-log 2
  -name
  Unity.DataStore

Initialising UDS system complete:
  - System type: Service
  - Resource namespace: d9eaa1deac5bd67fb4659a998b443ad3
  - Shared memory size: 1073741824
  - Command buffer id: 1052576
  - Command buffer size: 8192
  - Hashmap size: 4194304
Starting Unity Data Store Application
Unity Data Store Application Complete
Shut down UDS service system complete
