[2026-09-15T04:59:00.259Z][INFO] Command-line: 'C:\\Program Files\\Unity\\Hub\\Editor\\6000.6.0f1\\Editor\\Data\\Resources\\PackageManager\\Server\\UnityPackageManager.exe' server -s 23784 --ipc-path Unity-Upm-23784 -l 2 --log-file C:\\Users\\bienh\\Documents\\USC\\CTIN489\\489TeamProject\\CTIN489-TeamProject-Becca-Bien/Logs/upm.log
[2026-09-15T04:59:00.332Z][INFO] IPC server started (IPC path=Unity-Upm-23784).
[2026-09-15T04:59:00.333Z][INFO] Hint: To connect to this UPM instance, launch Unity with the command-line parameter -upmIpcPath Upm-23784.
[2026-09-15T04:59:14.279Z][INFO] project:list-packages <-- Request received
params: {}
[2026-09-15T04:59:14.305Z][INFO] project:list-packages <-- Request received
params: {}
[2026-09-15T04:59:14.874Z][INFO] Downloading package [com.unity.package-manager.metadata-6000.6@0.0.72] from registry 'https://packages.unity.com'
[2026-09-15T04:59:15.296Z][INFO] project:list-packages --> 200 (1017 ms)
[2026-09-15T04:59:15.569Z][INFO] Finished downloading package [com.unity.package-manager.metadata-6000.6@0.0.72] from registry 'https://packages.unity.com' (size: 11.4 kB, time: 693ms)
[2026-09-15T04:59:17.565Z][INFO] project:list-packages --> 200 (3260 ms)
[2026-09-15T04:59:18.542Z][INFO] config:project:get-registries <-- Request received
params: {}
[2026-09-15T04:59:18.549Z][INFO] config:project:get-registries --> 200 (7 ms)
[2026-09-15T04:59:18.585Z][INFO] project:list-packages <-- Request received
params: {}
[2026-09-15T04:59:18.750Z][INFO] project:update-dependencies <-- Request received
params: {}
[2026-09-15T04:59:18.834Z][INFO] project:list-packages --> 200 (249 ms)
[2026-09-15T04:59:18.844Z][INFO] project:update-dependencies --> 200 (94 ms)
[2026-09-15T04:59:18.884Z][INFO] project:resolve-packages <-- Request received
params: {}
[2026-09-15T04:59:48.441Z][WARN] Requested version [1.0.3] for package [com.unity.settings-manager] overridden by minimum version [2.1.1].
[2026-09-15T04:59:48.442Z][WARN] Requested version [4.9.3] for package [com.unity.searcher] overridden by minimum version [4.9.5].
[2026-09-15T04:59:48.445Z][INFO] project:resolve-packages --> 200 (29561 ms)
[2026-09-15T05:00:45.702Z][INFO] project:list-packages <-- Request received
params: {}
[2026-09-15T05:00:45.758Z][INFO] project:list-packages <-- Request received
params: {}
[2026-09-15T05:00:45.969Z][INFO] project:list-packages --> 200 (268 ms)
[2026-09-15T05:00:46.032Z][INFO] project:list-packages <-- Request received
params: {}
[2026-09-15T05:00:46.047Z][INFO] project:list-packages --> 200 (289 ms)
[2026-09-15T05:00:46.174Z][INFO] config:project:get-registries <-- Request received
params: {}
[2026-09-15T05:00:46.179Z][INFO] config:project:get-registries --> 200 (5 ms)
[2026-09-15T05:00:46.211Z][INFO] project:list-packages --> 200 (179 ms)
[2026-09-15T05:01:16.055Z][INFO] project:list-packages <-- Request received
params: {}
[2026-09-15T05:01:16.327Z][INFO] project:list-packages --> 200 (271 ms)
[2026-09-15T05:01:18.892Z][INFO] project:list-packages <-- Request received
params: {}
[2026-09-15T05:01:19.161Z][INFO] project:list-packages --> 200 (270 ms)
[2026-09-15T05:01:23.585Z][INFO] project:list-packages <-- Request received
params: {}
[2026-09-15T05:01:23.677Z][INFO] project:list-packages <-- Request received
params: {}
[2026-09-15T05:01:24.012Z][INFO] project:list-packages --> 200 (427 ms)
[2026-09-15T05:01:24.129Z][INFO] project:list-packages --> 200 (452 ms)
[2026-09-15T05:01:24.383Z][INFO] project:list-packages <-- Request received
params: {}
[2026-09-15T05:01:24.662Z][INFO] config:project:get-registries <-- Request received
params: {}
[2026-09-15T05:01:24.677Z][INFO] project:list-packages --> 200 (294 ms)
[2026-09-15T05:01:24.679Z][INFO] config:project:get-registries --> 200 (18 ms)
[2026-09-15T05:01:33.322Z][INFO] project:list-packages <-- Request received
params: {}
[2026-09-15T05:01:33.339Z][INFO] project:list-packages <-- Request received
params: {}
[2026-09-15T05:01:33.664Z][INFO] project:list-packages --> 200 (325 ms)
[2026-09-15T05:01:35.274Z][INFO] project:list-packages --> 200 (1951 ms)
[2026-09-15T06:00:39.616Z][INFO] project:list-packages <-- Request received
params: {}
[2026-09-15T06:00:40.030Z][INFO] project:list-packages <-- Request received
params: {}
[2026-09-15T06:00:40.875Z][INFO] project:list-packages --> 200 (845 ms)
[2026-09-15T06:00:40.876Z][INFO] project:list-packages --> 200 (1260 ms)
[2026-09-15T06:00:43.047Z][INFO] project:list-packages <-- Request received
params: {}
[2026-09-15T06:00:43.193Z][INFO] project:list-packages --> 200 (146 ms)
[2026-09-15T06:00:43.416Z][INFO] project:list-packages <-- Request received
params: {}
[2026-09-15T06:00:43.544Z][INFO] project:list-packages --> 200 (128 ms)
[2026-09-15T06:09:44.431Z][INFO] Shutting down UnityPackageManager.exe: parent process [23784] is no longer running.
